/opt/homebrew/opt/i686-elf-binutils/bin/i686-elf-ld: warning: output/kernel.bin has a LOAD segment with RWX permissions
GNU xorriso 1.5.6.pl02 : RockRidge filesystem manipulator, libburnia project.

Drive current: -outdev 'stdio:output/os.iso'
Media current: stdio file, overwriteable
Media status : is blank
Media summary: 0 sessions, 0 data blocks, 0 data, 8734m free
Added to ISO image: directory '/'='/var/folders/dj/c6v34wh57lvgspn28kcqvs480000gn/T/grub.hytmMj'
xorriso : UPDATE :     332 files added in 1 seconds
Added to ISO image: directory '/'='/Users/cheontaerang/Documents/GitHub/baram-os/output/isodir'
xorriso : UPDATE :     339 files added in 1 seconds
xorriso : NOTE : Copying to System Area: 512 bytes from file '/opt/homebrew/Cellar/i686-elf-grub/2.12/lib/i686-elf/grub/i386-pc/boot_hybrid.img'
ISO image produced: 9897 sectors
Written to medium : 9897 sectors at LBA 0
Writing to 'stdio:output/os.iso' completed successfully.

